msbuild 버전 17.14.14+a129329f1(.NET Framework용)

detector.obj : error LNK2001: 확인할 수 없는 외부 기호 "enum cudaError __cdecl filterDetectionsByClassIdGpu(struct Detection const *,int,struct Detection *,int *,unsigned char const *,int,unsigned char const *,int,int,bool,int,struct CUstream_st *)" (?filterDetectionsByClassIdGpu@@YA?AW4cudaError@@PEBUDetection@@HPEAU2@PEAHPEBEH3HH_NHPEAUCUstream_st@@@Z) [C:\Users\th072\needaimbot\needaimbot\needaimbot.vcxproj]
detector.obj : error LNK2001: 확인할 수 없는 외부 기호 "enum cudaError __cdecl decodeYolo10Gpu(void const *,enum nvinfer1::DataType,class std::vector<__int64,class std::allocator<__int64> > const &,int,float,float,struct Detection *,int *,int,int,struct CUstream_st *)" (?decodeYolo10Gpu@@YA?AW4cudaError@@PEBXW4DataType@nvinfer1@@AEBV?$vector@_JV?$allocator@_J@std@@@std@@HMMPEAUDetection@@PEAHHHPEAUCUstream_st@@@Z) [C:\Users\th072\needaimbot\needaimbot\needaimbot.vcxproj]
detector.obj : error LNK2001: 확인할 수 없는 외부 기호 "enum cudaError __cdecl findBestTargetGpu(float const *,int,int *,struct CUstream_st *)" (?findBestTargetGpu@@YA?AW4cudaError@@PEBMHPEAHPEAUCUstream_st@@@Z) [C:\Users\th072\needaimbot\needaimbot\needaimbot.vcxproj]
detector.obj : error LNK2001: 확인할 수 없는 외부 기호 "void __cdecl NMSGpu(struct Detection const *,int,struct Detection *,int *,int,float,int,int,int *,int *,int *,int *,float *,float *,int *,float *,bool *,int *,struct CUstream_st *)" (?NMSGpu@@YAXPEBUDetection@@HPEAU1@PEAHHMHH2222PEAM323PEA_N2PEAUCUstream_st@@@Z) [C:\Users\th072\needaimbot\needaimbot\needaimbot.vcxproj]
detector.obj : error LNK2001: 확인할 수 없는 외부 기호 "enum cudaError __cdecl calculateTargetScoresGpu(struct Detection const *,int,float *,int,int,float,float,int,float,float,struct CUstream_st *)" (?calculateTargetScoresGpu@@YA?AW4cudaError@@PEBUDetection@@HPEAMHHMMHMMPEAUCUstream_st@@@Z) [C:\Users\th072\needaimbot\needaimbot\needaimbot.vcxproj]
detector.obj : error LNK2001: 확인할 수 없는 외부 기호 "enum cudaError __cdecl decodeYolo11Gpu(void const *,enum nvinfer1::DataType,class std::vector<__int64,class std::allocator<__int64> > const &,int,float,float,struct Detection *,int *,int,int,struct CUstream_st *)" (?decodeYolo11Gpu@@YA?AW4cudaError@@PEBXW4DataType@nvinfer1@@AEBV?$vector@_JV?$allocator@_J@std@@@std@@HMMPEAUDetection@@PEAHHHPEAUCUstream_st@@@Z) [C:\Users\th072\needaimbot\needaimbot\needaimbot.vcxproj]
C:\Users\th072\needaimbot\x64\Release\ai.exe : fatal error LNK1120: 6개의 확인할 수 없는 외부 참조입니다. [C:\Users\th072\needaimbot\needaimbot\needaimbot.vcxproj]
